******************************************************************************
                  TI ARM Linker PC v18.1.6                     
******************************************************************************
>> Linked Sat Nov 23 11:08:36 2019

OUTPUT FILE NAME:   <motoresbluetooth.out>
ENTRY POINT SYMBOL: "_c_int00_noinit_noargs"  address: 00000ea9


MEMORY CONFIGURATION

         name            origin    length      used     unused   attr    fill
----------------------  --------  ---------  --------  --------  ----  --------
  FLASH                 00000000   00040000  00000f0c  0003f0f4  R  X
  SRAM                  20000000   00008000  00000200  00007e00  RW X


SEGMENT ALLOCATION MAP

run origin  load origin   length   init length attrs members
----------  ----------- ---------- ----------- ----- -------
00000000    00000000    00000f0c   00000f0c    r-x
  00000000    00000000    0000026c   0000026c    r-- .intvecs
  0000026c    0000026c    00000ca0   00000ca0    r-x .text
20000000    20000000    00000200   00000000    rw-
  20000000    20000000    00000200   00000000    rw- .stack


SECTION ALLOCATION MAP

 output                                  attributes/
section   page    origin      length       input sections
--------  ----  ----------  ----------   ----------------
.intvecs   0    00000000    0000026c     
                  00000000    0000026c     tm4c123gh6pm_startup_ccs.obj (.intvecs)

.text      0    0000026c    00000ca0     
                  0000026c    000007fc     main.obj (.text)
                  00000a68    00000300     UART.obj (.text)
                  00000d68    000000fc     rtsv7M4_T_le_v4SPD16_eabi.lib : fd_mul_t2.asm.obj (.text)
                  00000e64    00000044                                   : fd_tou_t2.asm.obj (.text)
                  00000ea8    00000030                                   : boot_cortex_m.c.obj (.text:_c_int00_noinit_noargs:_c_int00_noinit_noargs)
                  00000ed8    00000020                                   : u_tofd_t2.asm.obj (.text)
                  00000ef8    0000000c     tm4c123gh6pm_startup_ccs.obj (.text)
                  00000f04    00000004     rtsv7M4_T_le_v4SPD16_eabi.lib : pre_init.c.obj (.text:_system_pre_init)
                  00000f08    00000004                                   : exit.c.obj (.text:abort:abort)

.cinit     0    00000000    00000000     UNINITIALIZED

.init_array 
*          0    00000000    00000000     UNINITIALIZED

.stack     0    20000000    00000200     UNINITIALIZED
                  20000000    00000004     rtsv7M4_T_le_v4SPD16_eabi.lib : boot_cortex_m.c.obj (.stack)
                  20000004    000001fc     --HOLE--

MODULE SUMMARY

       Module                         code   ro data   rw data
       ------                         ----   -------   -------
    .\
       main.obj                       2044   0         0      
       UART.obj                       768    0         0      
       tm4c123gh6pm_startup_ccs.obj   12     620       0      
    +--+------------------------------+------+---------+---------+
       Total:                         2824   620       0      
                                                              
    C:\ti\ccsv8\tools\compiler\ti-cgt-arm_18.1.6.LTS\lib\rtsv7M4_T_le_v4SPD16_eabi.lib
       fd_mul_t2.asm.obj              252    0         0      
       fd_tou_t2.asm.obj              68     0         0      
       boot_cortex_m.c.obj            48     0         0      
       u_tofd_t2.asm.obj              32     0         0      
       exit.c.obj                     4      0         0      
       pre_init.c.obj                 4      0         0      
    +--+------------------------------+------+---------+---------+
       Total:                         408    0         0      
                                                              
       Stack:                         0      0         512    
    +--+------------------------------+------+---------+---------+
       Grand Total:                   3232   620       512    


GLOBAL SYMBOLS: SORTED ALPHABETICALLY BY Name 

address   name                     
-------   ----                     
000003a9  Actualiza_PWMA1          
000003f1  Actualiza_PWMB           
00000f09  C$$EXIT                  
00000439  ConfigPin1               
00000609  ConfigSysTickCarreraLibre
000006c1  Config_puertoB           
00000309  ConfiguraPWM1A           
00000359  ConfiguraPWM1B           
0000026d  ConfiguraPinPWM1A        
000002bd  ConfiguraPinPWM1B        
0000051b  ConfiguraUART_HC05       
000004ff  EsperaDato               
00000ef9  ResetISR                 
000005b5  TivaES_InicializaPORTC   
00000b7f  UART_EsperaCadena        
00000b03  UART_EsperaDato          
00000c21  UART_EsperaNumeroB10     
00000a69  UART_Inicializa          
00000b6f  UART_SiguienteLinea      
00000b1f  UART_SondeaRx            
00000bf1  UART_TransmiteCadena     
00000b49  UART_TransmiteDato       
00000c97  UART_TransmiteNumeroB10  
20000200  __STACK_END              
00000200  __STACK_SIZE             
20000200  __STACK_TOP              
ffffffff  __TI_pprof_out_hndl      
ffffffff  __TI_prof_data_size      
ffffffff  __TI_prof_data_start     
00000000  __TI_static_base__       
00000e65  __aeabi_d2uiz            
00000d69  __aeabi_dmul             
00000ed9  __aeabi_ui2d             
ffffffff  __binit__                
ffffffff  __c_args__               
UNDEFED   __mpu_init               
20000000  __stack                  
00000ea9  _c_int00_noinit_noargs   
00000f05  _system_pre_init         
00000f09  abort                    
00000475  adelante                 
000004a5  apagado                  
00000481  atras                    
ffffffff  binit                    
0000070d  conf_timercap_fsub       
0000048d  derecha                  
000004e9  esperaorden              
00000000  g_pfnVectors             
00000499  izquierda                
000008e9  main                     
00000669  retardo_ms               
000004b1  solicitanumero           
00000805  ultrasonido              


GLOBAL SYMBOLS: SORTED BY Symbol Address 

address   name                     
-------   ----                     
00000000  __TI_static_base__       
00000000  g_pfnVectors             
00000200  __STACK_SIZE             
0000026d  ConfiguraPinPWM1A        
000002bd  ConfiguraPinPWM1B        
00000309  ConfiguraPWM1A           
00000359  ConfiguraPWM1B           
000003a9  Actualiza_PWMA1          
000003f1  Actualiza_PWMB           
00000439  ConfigPin1               
00000475  adelante                 
00000481  atras                    
0000048d  derecha                  
00000499  izquierda                
000004a5  apagado                  
000004b1  solicitanumero           
000004e9  esperaorden              
000004ff  EsperaDato               
0000051b  ConfiguraUART_HC05       
000005b5  TivaES_InicializaPORTC   
00000609  ConfigSysTickCarreraLibre
00000669  retardo_ms               
000006c1  Config_puertoB           
0000070d  conf_timercap_fsub       
00000805  ultrasonido              
000008e9  main                     
00000a69  UART_Inicializa          
00000b03  UART_EsperaDato          
00000b1f  UART_SondeaRx            
00000b49  UART_TransmiteDato       
00000b6f  UART_SiguienteLinea      
00000b7f  UART_EsperaCadena        
00000bf1  UART_TransmiteCadena     
00000c21  UART_EsperaNumeroB10     
00000c97  UART_TransmiteNumeroB10  
00000d69  __aeabi_dmul             
00000e65  __aeabi_d2uiz            
00000ea9  _c_int00_noinit_noargs   
00000ed9  __aeabi_ui2d             
00000ef9  ResetISR                 
00000f05  _system_pre_init         
00000f09  C$$EXIT                  
00000f09  abort                    
20000000  __stack                  
20000200  __STACK_END              
20000200  __STACK_TOP              
ffffffff  __TI_pprof_out_hndl      
ffffffff  __TI_prof_data_size      
ffffffff  __TI_prof_data_start     
ffffffff  __binit__                
ffffffff  __c_args__               
ffffffff  binit                    
UNDEFED   __mpu_init               

[53 symbols]
